[2026-05-28T21:48:04Z] finetune cron run started
{
  "collection": "ai_training_logs",
  "mode": "qa",
  "total_read": 2,
  "written": 2,
  "skipped": 0,
  "output": "data/raw/chat_qa.jsonl"
}
{
  "input": "data/raw/chat_qa.jsonl",
  "total_rows": 2,
  "accepted_rows": 2,
  "skipped_rows": 0,
  "train_rows": 1,
  "val_rows": 0,
  "test_rows": 1,
  "seed": 42
}

>>> /root/paralaus-project/.venv/bin/python scripts/export_training_data.py --mongo-uri 'mongodb://ghostchat_root:Pi3AlFa1970@diarss.online:27017/poker?authSource=admin' --db poker --collection ai_training_logs --mode qa --query '{}' --limit 50000 --sort-field createdAt --sort-direction -1 --output data/raw/chat_qa.jsonl --user-field question --assistant-field answer --context-field context


>>> /root/paralaus-project/.venv/bin/python scripts/prepare_finetune_dataset.py --input data/raw/chat_qa.jsonl --output-dir data/finetune --train-ratio 0.9 --val-ratio 0.05 --seed 42


Training skipped by --skip-train.
[2026-05-28T21:48:05Z] finetune cron run finished
[2026-05-29T02:00:01Z] finetune cron run started
{
  "collection": "ai_training_logs",
  "mode": "qa",
  "total_read": 2,
  "written": 2,
  "skipped": 0,
  "output": "data/raw/chat_qa.jsonl"
}
{
  "input": "data/raw/chat_qa.jsonl",
  "total_rows": 2,
  "accepted_rows": 2,
  "skipped_rows": 0,
  "train_rows": 1,
  "val_rows": 0,
  "test_rows": 1,
  "seed": 42
}

>>> /root/paralaus-project/.venv/bin/python scripts/export_training_data.py --mongo-uri 'mongodb://ghostchat_root:Pi3AlFa1970@diarss.online:27017/poker?authSource=admin' --db poker --collection ai_training_logs --mode qa --query '{}' --limit 50000 --sort-field createdAt --sort-direction -1 --output data/raw/chat_qa.jsonl --user-field question --assistant-field answer --context-field context


>>> /root/paralaus-project/.venv/bin/python scripts/prepare_finetune_dataset.py --input data/raw/chat_qa.jsonl --output-dir data/finetune --train-ratio 0.9 --val-ratio 0.05 --seed 42


Training skipped by --skip-train.
[2026-05-29T02:00:02Z] finetune cron run finished
[2026-05-30T02:00:01Z] finetune cron run started
{
  "collection": "ai_training_logs",
  "mode": "qa",
  "total_read": 2,
  "written": 2,
  "skipped": 0,
  "output": "data/raw/chat_qa.jsonl"
}
{
  "input": "data/raw/chat_qa.jsonl",
  "total_rows": 2,
  "accepted_rows": 2,
  "skipped_rows": 0,
  "train_rows": 1,
  "val_rows": 0,
  "test_rows": 1,
  "seed": 42
}

>>> /root/paralaus-project/.venv/bin/python scripts/export_training_data.py --mongo-uri 'mongodb://ghostchat_root:Pi3AlFa1970@diarss.online:27017/poker?authSource=admin' --db poker --collection ai_training_logs --mode qa --query '{}' --limit 50000 --sort-field createdAt --sort-direction -1 --output data/raw/chat_qa.jsonl --user-field question --assistant-field answer --context-field context


>>> /root/paralaus-project/.venv/bin/python scripts/prepare_finetune_dataset.py --input data/raw/chat_qa.jsonl --output-dir data/finetune --train-ratio 0.9 --val-ratio 0.05 --seed 42


Training skipped by --skip-train.
[2026-05-30T02:00:02Z] finetune cron run finished
[2026-05-31T02:00:01Z] finetune cron run started
{
  "collection": "ai_training_logs",
  "mode": "qa",
  "total_read": 2,
  "written": 2,
  "skipped": 0,
  "output": "data/raw/chat_qa.jsonl"
}
{
  "input": "data/raw/chat_qa.jsonl",
  "total_rows": 2,
  "accepted_rows": 2,
  "skipped_rows": 0,
  "train_rows": 1,
  "val_rows": 0,
  "test_rows": 1,
  "seed": 42
}

>>> /root/paralaus-project/.venv/bin/python scripts/export_training_data.py --mongo-uri 'mongodb://ghostchat_root:Pi3AlFa1970@diarss.online:27017/poker?authSource=admin' --db poker --collection ai_training_logs --mode qa --query '{}' --limit 50000 --sort-field createdAt --sort-direction -1 --output data/raw/chat_qa.jsonl --user-field question --assistant-field answer --context-field context


>>> /root/paralaus-project/.venv/bin/python scripts/prepare_finetune_dataset.py --input data/raw/chat_qa.jsonl --output-dir data/finetune --train-ratio 0.9 --val-ratio 0.05 --seed 42


Training skipped by --skip-train.
[2026-05-31T02:00:02Z] finetune cron run finished
[2026-06-01T02:00:01Z] finetune cron run started
{
  "collection": "ai_training_logs",
  "mode": "qa",
  "total_read": 2,
  "written": 2,
  "skipped": 0,
  "output": "data/raw/chat_qa.jsonl"
}
{
  "input": "data/raw/chat_qa.jsonl",
  "total_rows": 2,
  "accepted_rows": 2,
  "skipped_rows": 0,
  "train_rows": 1,
  "val_rows": 0,
  "test_rows": 1,
  "seed": 42
}

>>> /root/paralaus-project/.venv/bin/python scripts/export_training_data.py --mongo-uri 'mongodb://ghostchat_root:Pi3AlFa1970@diarss.online:27017/poker?authSource=admin' --db poker --collection ai_training_logs --mode qa --query '{}' --limit 50000 --sort-field createdAt --sort-direction -1 --output data/raw/chat_qa.jsonl --user-field question --assistant-field answer --context-field context


>>> /root/paralaus-project/.venv/bin/python scripts/prepare_finetune_dataset.py --input data/raw/chat_qa.jsonl --output-dir data/finetune --train-ratio 0.9 --val-ratio 0.05 --seed 42


Training skipped by --skip-train.
[2026-06-01T02:00:03Z] finetune cron run finished
[2026-06-02T02:00:01Z] finetune cron run started
{
  "collection": "ai_training_logs",
  "mode": "qa",
  "total_read": 123,
  "written": 123,
  "skipped": 0,
  "output": "data/raw/chat_qa.jsonl"
}
{
  "input": "data/raw/chat_qa.jsonl",
  "total_rows": 123,
  "accepted_rows": 123,
  "skipped_rows": 0,
  "train_rows": 110,
  "val_rows": 6,
  "test_rows": 7,
  "seed": 42
}

>>> /root/paralaus-project/.venv/bin/python scripts/export_training_data.py --mongo-uri 'mongodb://ghostchat_root:Pi3AlFa1970@diarss.online:27017/poker?authSource=admin' --db poker --collection ai_training_logs --mode qa --query '{}' --limit 50000 --sort-field createdAt --sort-direction -1 --output data/raw/chat_qa.jsonl --user-field question --assistant-field answer --context-field context


>>> /root/paralaus-project/.venv/bin/python scripts/prepare_finetune_dataset.py --input data/raw/chat_qa.jsonl --output-dir data/finetune --train-ratio 0.9 --val-ratio 0.05 --seed 42


Training skipped by --skip-train.
[2026-06-02T02:00:02Z] finetune cron run finished
[2026-06-03T02:00:01Z] finetune cron run started
{
  "collection": "ai_training_logs",
  "mode": "qa",
  "total_read": 302,
  "written": 302,
  "skipped": 0,
  "output": "data/raw/chat_qa.jsonl"
}
{
  "input": "data/raw/chat_qa.jsonl",
  "total_rows": 302,
  "accepted_rows": 301,
  "skipped_rows": 1,
  "train_rows": 270,
  "val_rows": 15,
  "test_rows": 16,
  "seed": 42
}

>>> /root/paralaus-project/.venv/bin/python scripts/export_training_data.py --mongo-uri 'mongodb://ghostchat_root:Pi3AlFa1970@diarss.online:27017/poker?authSource=admin' --db poker --collection ai_training_logs --mode qa --query '{}' --limit 50000 --sort-field createdAt --sort-direction -1 --output data/raw/chat_qa.jsonl --user-field question --assistant-field answer --context-field context


>>> /root/paralaus-project/.venv/bin/python scripts/prepare_finetune_dataset.py --input data/raw/chat_qa.jsonl --output-dir data/finetune --train-ratio 0.9 --val-ratio 0.05 --seed 42


Training skipped by --skip-train.
[2026-06-03T02:00:02Z] finetune cron run finished
[2026-06-04T02:00:01Z] finetune cron run started
{
  "collection": "ai_training_logs",
  "mode": "qa",
  "total_read": 433,
  "written": 433,
  "skipped": 0,
  "output": "data/raw/chat_qa.jsonl"
}
{
  "input": "data/raw/chat_qa.jsonl",
  "total_rows": 433,
  "accepted_rows": 428,
  "skipped_rows": 5,
  "train_rows": 385,
  "val_rows": 21,
  "test_rows": 22,
  "seed": 42
}

>>> /root/paralaus-project/.venv/bin/python scripts/export_training_data.py --mongo-uri 'mongodb://ghostchat_root:Pi3AlFa1970@diarss.online:27017/poker?authSource=admin' --db poker --collection ai_training_logs --mode qa --query '{}' --limit 50000 --sort-field createdAt --sort-direction -1 --output data/raw/chat_qa.jsonl --user-field question --assistant-field answer --context-field context


>>> /root/paralaus-project/.venv/bin/python scripts/prepare_finetune_dataset.py --input data/raw/chat_qa.jsonl --output-dir data/finetune --train-ratio 0.9 --val-ratio 0.05 --seed 42


Training skipped by --skip-train.
[2026-06-04T02:00:02Z] finetune cron run finished
[2026-06-05T02:00:01Z] finetune cron run started
{
  "collection": "ai_training_logs",
  "mode": "qa",
  "total_read": 550,
  "written": 550,
  "skipped": 0,
  "output": "data/raw/chat_qa.jsonl"
}
{
  "input": "data/raw/chat_qa.jsonl",
  "total_rows": 550,
  "accepted_rows": 545,
  "skipped_rows": 5,
  "train_rows": 490,
  "val_rows": 27,
  "test_rows": 28,
  "seed": 42
}

>>> /root/paralaus-project/.venv/bin/python scripts/export_training_data.py --mongo-uri 'mongodb://ghostchat_root:Pi3AlFa1970@diarss.online:27017/poker?authSource=admin' --db poker --collection ai_training_logs --mode qa --query '{}' --limit 50000 --sort-field createdAt --sort-direction -1 --output data/raw/chat_qa.jsonl --user-field question --assistant-field answer --context-field context


>>> /root/paralaus-project/.venv/bin/python scripts/prepare_finetune_dataset.py --input data/raw/chat_qa.jsonl --output-dir data/finetune --train-ratio 0.9 --val-ratio 0.05 --seed 42


Training skipped by --skip-train.
[2026-06-05T02:00:02Z] finetune cron run finished
[2026-06-06T02:00:01Z] finetune cron run started
{
  "collection": "ai_training_logs",
  "mode": "qa",
  "total_read": 636,
  "written": 636,
  "skipped": 0,
  "output": "data/raw/chat_qa.jsonl"
}
{
  "input": "data/raw/chat_qa.jsonl",
  "total_rows": 636,
  "accepted_rows": 631,
  "skipped_rows": 5,
  "train_rows": 567,
  "val_rows": 31,
  "test_rows": 33,
  "seed": 42
}

>>> /root/paralaus-project/.venv/bin/python scripts/export_training_data.py --mongo-uri 'mongodb://ghostchat_root:Pi3AlFa1970@diarss.online:27017/poker?authSource=admin' --db poker --collection ai_training_logs --mode qa --query '{}' --limit 50000 --sort-field createdAt --sort-direction -1 --output data/raw/chat_qa.jsonl --user-field question --assistant-field answer --context-field context


>>> /root/paralaus-project/.venv/bin/python scripts/prepare_finetune_dataset.py --input data/raw/chat_qa.jsonl --output-dir data/finetune --train-ratio 0.9 --val-ratio 0.05 --seed 42


Training skipped by --skip-train.
[2026-06-06T02:00:02Z] finetune cron run finished
[2026-06-07T02:00:01Z] finetune cron run started
{
  "collection": "ai_training_logs",
  "mode": "qa",
  "total_read": 774,
  "written": 774,
  "skipped": 0,
  "output": "data/raw/chat_qa.jsonl"
}
{
  "input": "data/raw/chat_qa.jsonl",
  "total_rows": 774,
  "accepted_rows": 767,
  "skipped_rows": 7,
  "train_rows": 690,
  "val_rows": 38,
  "test_rows": 39,
  "seed": 42
}

>>> /root/paralaus-project/.venv/bin/python scripts/export_training_data.py --mongo-uri 'mongodb://ghostchat_root:Pi3AlFa1970@diarss.online:27017/poker?authSource=admin' --db poker --collection ai_training_logs --mode qa --query '{}' --limit 50000 --sort-field createdAt --sort-direction -1 --output data/raw/chat_qa.jsonl --user-field question --assistant-field answer --context-field context


>>> /root/paralaus-project/.venv/bin/python scripts/prepare_finetune_dataset.py --input data/raw/chat_qa.jsonl --output-dir data/finetune --train-ratio 0.9 --val-ratio 0.05 --seed 42


Training skipped by --skip-train.
[2026-06-07T02:00:02Z] finetune cron run finished
[2026-06-08T02:00:01Z] finetune cron run started
{
  "collection": "ai_training_logs",
  "mode": "qa",
  "total_read": 959,
  "written": 959,
  "skipped": 0,
  "output": "data/raw/chat_qa.jsonl"
}
{
  "input": "data/raw/chat_qa.jsonl",
  "total_rows": 959,
  "accepted_rows": 948,
  "skipped_rows": 11,
  "train_rows": 853,
  "val_rows": 47,
  "test_rows": 48,
  "seed": 42
}

>>> /root/paralaus-project/.venv/bin/python scripts/export_training_data.py --mongo-uri 'mongodb://ghostchat_root:Pi3AlFa1970@diarss.online:27017/poker?authSource=admin' --db poker --collection ai_training_logs --mode qa --query '{}' --limit 50000 --sort-field createdAt --sort-direction -1 --output data/raw/chat_qa.jsonl --user-field question --assistant-field answer --context-field context


>>> /root/paralaus-project/.venv/bin/python scripts/prepare_finetune_dataset.py --input data/raw/chat_qa.jsonl --output-dir data/finetune --train-ratio 0.9 --val-ratio 0.05 --seed 42


Training skipped by --skip-train.
[2026-06-08T02:00:02Z] finetune cron run finished
[2026-06-09T02:00:01Z] finetune cron run started
{
  "collection": "ai_training_logs",
  "mode": "qa",
  "total_read": 1191,
  "written": 1191,
  "skipped": 0,
  "output": "data/raw/chat_qa.jsonl"
}
{
  "input": "data/raw/chat_qa.jsonl",
  "total_rows": 1191,
  "accepted_rows": 1175,
  "skipped_rows": 16,
  "train_rows": 1057,
  "val_rows": 58,
  "test_rows": 60,
  "seed": 42
}

>>> /root/paralaus-project/.venv/bin/python scripts/export_training_data.py --mongo-uri 'mongodb://ghostchat_root:Pi3AlFa1970@diarss.online:27017/poker?authSource=admin' --db poker --collection ai_training_logs --mode qa --query '{}' --limit 50000 --sort-field createdAt --sort-direction -1 --output data/raw/chat_qa.jsonl --user-field question --assistant-field answer --context-field context


>>> /root/paralaus-project/.venv/bin/python scripts/prepare_finetune_dataset.py --input data/raw/chat_qa.jsonl --output-dir data/finetune --train-ratio 0.9 --val-ratio 0.05 --seed 42


Training skipped by --skip-train.
[2026-06-09T02:00:02Z] finetune cron run finished
[2026-06-10T02:00:01Z] finetune cron run started
{
  "collection": "ai_training_logs",
  "mode": "qa",
  "total_read": 1354,
  "written": 1354,
  "skipped": 0,
  "output": "data/raw/chat_qa.jsonl"
}
{
  "input": "data/raw/chat_qa.jsonl",
  "total_rows": 1354,
  "accepted_rows": 1338,
  "skipped_rows": 16,
  "train_rows": 1204,
  "val_rows": 66,
  "test_rows": 68,
  "seed": 42
}

>>> /root/paralaus-project/.venv/bin/python scripts/export_training_data.py --mongo-uri 'mongodb://ghostchat_root:Pi3AlFa1970@diarss.online:27017/poker?authSource=admin' --db poker --collection ai_training_logs --mode qa --query '{}' --limit 50000 --sort-field createdAt --sort-direction -1 --output data/raw/chat_qa.jsonl --user-field question --assistant-field answer --context-field context


>>> /root/paralaus-project/.venv/bin/python scripts/prepare_finetune_dataset.py --input data/raw/chat_qa.jsonl --output-dir data/finetune --train-ratio 0.9 --val-ratio 0.05 --seed 42


Training skipped by --skip-train.
[2026-06-10T02:00:02Z] finetune cron run finished
[2026-06-11T02:00:01Z] finetune cron run started
{
  "collection": "ai_training_logs",
  "mode": "qa",
  "total_read": 1559,
  "written": 1559,
  "skipped": 0,
  "output": "data/raw/chat_qa.jsonl"
}
{
  "input": "data/raw/chat_qa.jsonl",
  "total_rows": 1559,
  "accepted_rows": 1538,
  "skipped_rows": 21,
  "train_rows": 1384,
  "val_rows": 76,
  "test_rows": 78,
  "seed": 42
}

>>> /root/paralaus-project/.venv/bin/python scripts/export_training_data.py --mongo-uri 'mongodb://ghostchat_root:Pi3AlFa1970@diarss.online:27017/poker?authSource=admin' --db poker --collection ai_training_logs --mode qa --query '{}' --limit 50000 --sort-field createdAt --sort-direction -1 --output data/raw/chat_qa.jsonl --user-field question --assistant-field answer --context-field context


>>> /root/paralaus-project/.venv/bin/python scripts/prepare_finetune_dataset.py --input data/raw/chat_qa.jsonl --output-dir data/finetune --train-ratio 0.9 --val-ratio 0.05 --seed 42


Training skipped by --skip-train.
[2026-06-11T02:00:02Z] finetune cron run finished
[2026-06-12T02:00:01Z] finetune cron run started
{
  "collection": "ai_training_logs",
  "mode": "qa",
  "total_read": 1713,
  "written": 1713,
  "skipped": 0,
  "output": "data/raw/chat_qa.jsonl"
}
{
  "input": "data/raw/chat_qa.jsonl",
  "total_rows": 1713,
  "accepted_rows": 1691,
  "skipped_rows": 22,
  "train_rows": 1521,
  "val_rows": 84,
  "test_rows": 86,
  "seed": 42
}

>>> /root/paralaus-project/.venv/bin/python scripts/export_training_data.py --mongo-uri 'mongodb://ghostchat_root:Pi3AlFa1970@diarss.online:27017/poker?authSource=admin' --db poker --collection ai_training_logs --mode qa --query '{}' --limit 50000 --sort-field createdAt --sort-direction -1 --output data/raw/chat_qa.jsonl --user-field question --assistant-field answer --context-field context


>>> /root/paralaus-project/.venv/bin/python scripts/prepare_finetune_dataset.py --input data/raw/chat_qa.jsonl --output-dir data/finetune --train-ratio 0.9 --val-ratio 0.05 --seed 42


Training skipped by --skip-train.
[2026-06-12T02:00:03Z] finetune cron run finished
[2026-06-13T02:00:01Z] finetune cron run started
{
  "collection": "ai_training_logs",
  "mode": "qa",
  "total_read": 1860,
  "written": 1860,
  "skipped": 0,
  "output": "data/raw/chat_qa.jsonl"
}
{
  "input": "data/raw/chat_qa.jsonl",
  "total_rows": 1860,
  "accepted_rows": 1837,
  "skipped_rows": 23,
  "train_rows": 1653,
  "val_rows": 91,
  "test_rows": 93,
  "seed": 42
}

>>> /root/paralaus-project/.venv/bin/python scripts/export_training_data.py --mongo-uri 'mongodb://ghostchat_root:Pi3AlFa1970@diarss.online:27017/poker?authSource=admin' --db poker --collection ai_training_logs --mode qa --query '{}' --limit 50000 --sort-field createdAt --sort-direction -1 --output data/raw/chat_qa.jsonl --user-field question --assistant-field answer --context-field context


>>> /root/paralaus-project/.venv/bin/python scripts/prepare_finetune_dataset.py --input data/raw/chat_qa.jsonl --output-dir data/finetune --train-ratio 0.9 --val-ratio 0.05 --seed 42


Training skipped by --skip-train.
[2026-06-13T02:00:02Z] finetune cron run finished
[2026-06-14T02:00:01Z] finetune cron run started
{
  "collection": "ai_training_logs",
  "mode": "qa",
  "total_read": 2017,
  "written": 2017,
  "skipped": 0,
  "output": "data/raw/chat_qa.jsonl"
}
{
  "input": "data/raw/chat_qa.jsonl",
  "total_rows": 2017,
  "accepted_rows": 1993,
  "skipped_rows": 24,
  "train_rows": 1793,
  "val_rows": 99,
  "test_rows": 101,
  "seed": 42
}

>>> /root/paralaus-project/.venv/bin/python scripts/export_training_data.py --mongo-uri 'mongodb://ghostchat_root:Pi3AlFa1970@diarss.online:27017/poker?authSource=admin' --db poker --collection ai_training_logs --mode qa --query '{}' --limit 50000 --sort-field createdAt --sort-direction -1 --output data/raw/chat_qa.jsonl --user-field question --assistant-field answer --context-field context


>>> /root/paralaus-project/.venv/bin/python scripts/prepare_finetune_dataset.py --input data/raw/chat_qa.jsonl --output-dir data/finetune --train-ratio 0.9 --val-ratio 0.05 --seed 42


Training skipped by --skip-train.
[2026-06-14T02:00:02Z] finetune cron run finished
[2026-06-15T02:00:01Z] finetune cron run started
{
  "collection": "ai_training_logs",
  "mode": "qa",
  "total_read": 2128,
  "written": 2128,
  "skipped": 0,
  "output": "data/raw/chat_qa.jsonl"
}
{
  "input": "data/raw/chat_qa.jsonl",
  "total_rows": 2128,
  "accepted_rows": 2101,
  "skipped_rows": 27,
  "train_rows": 1890,
  "val_rows": 105,
  "test_rows": 106,
  "seed": 42
}

>>> /root/paralaus-project/.venv/bin/python scripts/export_training_data.py --mongo-uri 'mongodb://ghostchat_root:Pi3AlFa1970@diarss.online:27017/poker?authSource=admin' --db poker --collection ai_training_logs --mode qa --query '{}' --limit 50000 --sort-field createdAt --sort-direction -1 --output data/raw/chat_qa.jsonl --user-field question --assistant-field answer --context-field context


>>> /root/paralaus-project/.venv/bin/python scripts/prepare_finetune_dataset.py --input data/raw/chat_qa.jsonl --output-dir data/finetune --train-ratio 0.9 --val-ratio 0.05 --seed 42


Training skipped by --skip-train.
[2026-06-15T02:00:02Z] finetune cron run finished
[2026-06-16T02:00:01Z] finetune cron run started
{
  "collection": "ai_training_logs",
  "mode": "qa",
  "total_read": 2345,
  "written": 2345,
  "skipped": 0,
  "output": "data/raw/chat_qa.jsonl"
}
{
  "input": "data/raw/chat_qa.jsonl",
  "total_rows": 2345,
  "accepted_rows": 2311,
  "skipped_rows": 34,
  "train_rows": 2079,
  "val_rows": 115,
  "test_rows": 117,
  "seed": 42
}

>>> /root/paralaus-project/.venv/bin/python scripts/export_training_data.py --mongo-uri 'mongodb://ghostchat_root:Pi3AlFa1970@diarss.online:27017/poker?authSource=admin' --db poker --collection ai_training_logs --mode qa --query '{}' --limit 50000 --sort-field createdAt --sort-direction -1 --output data/raw/chat_qa.jsonl --user-field question --assistant-field answer --context-field context


>>> /root/paralaus-project/.venv/bin/python scripts/prepare_finetune_dataset.py --input data/raw/chat_qa.jsonl --output-dir data/finetune --train-ratio 0.9 --val-ratio 0.05 --seed 42


Training skipped by --skip-train.
[2026-06-16T02:00:02Z] finetune cron run finished
[2026-06-17T02:00:01Z] finetune cron run started
{
  "collection": "ai_training_logs",
  "mode": "qa",
  "total_read": 2595,
  "written": 2595,
  "skipped": 0,
  "output": "data/raw/chat_qa.jsonl"
}
{
  "input": "data/raw/chat_qa.jsonl",
  "total_rows": 2595,
  "accepted_rows": 2552,
  "skipped_rows": 43,
  "train_rows": 2296,
  "val_rows": 127,
  "test_rows": 129,
  "seed": 42
}

>>> /root/paralaus-project/.venv/bin/python scripts/export_training_data.py --mongo-uri 'mongodb://ghostchat_root:Pi3AlFa1970@diarss.online:27017/poker?authSource=admin' --db poker --collection ai_training_logs --mode qa --query '{}' --limit 50000 --sort-field createdAt --sort-direction -1 --output data/raw/chat_qa.jsonl --user-field question --assistant-field answer --context-field context


>>> /root/paralaus-project/.venv/bin/python scripts/prepare_finetune_dataset.py --input data/raw/chat_qa.jsonl --output-dir data/finetune --train-ratio 0.9 --val-ratio 0.05 --seed 42


Training skipped by --skip-train.
[2026-06-17T02:00:02Z] finetune cron run finished
[2026-06-18T02:00:01Z] finetune cron run started
{
  "collection": "ai_training_logs",
  "mode": "qa",
  "total_read": 3022,
  "written": 3022,
  "skipped": 0,
  "output": "data/raw/chat_qa.jsonl"
}
{
  "input": "data/raw/chat_qa.jsonl",
  "total_rows": 3022,
  "accepted_rows": 2978,
  "skipped_rows": 44,
  "train_rows": 2680,
  "val_rows": 148,
  "test_rows": 150,
  "seed": 42
}

>>> /root/paralaus-project/.venv/bin/python scripts/export_training_data.py --mongo-uri 'mongodb://ghostchat_root:Pi3AlFa1970@diarss.online:27017/poker?authSource=admin' --db poker --collection ai_training_logs --mode qa --query '{}' --limit 50000 --sort-field createdAt --sort-direction -1 --output data/raw/chat_qa.jsonl --user-field question --assistant-field answer --context-field context


>>> /root/paralaus-project/.venv/bin/python scripts/prepare_finetune_dataset.py --input data/raw/chat_qa.jsonl --output-dir data/finetune --train-ratio 0.9 --val-ratio 0.05 --seed 42


Training skipped by --skip-train.
[2026-06-18T02:00:03Z] finetune cron run finished
[2026-06-19T02:00:01Z] finetune cron run started
{
  "collection": "ai_training_logs",
  "mode": "qa",
  "total_read": 3450,
  "written": 3450,
  "skipped": 0,
  "output": "data/raw/chat_qa.jsonl"
}
{
  "input": "data/raw/chat_qa.jsonl",
  "total_rows": 3450,
  "accepted_rows": 3399,
  "skipped_rows": 51,
  "train_rows": 3059,
  "val_rows": 169,
  "test_rows": 171,
  "seed": 42
}

>>> /root/paralaus-project/.venv/bin/python scripts/export_training_data.py --mongo-uri 'mongodb://ghostchat_root:Pi3AlFa1970@diarss.online:27017/poker?authSource=admin' --db poker --collection ai_training_logs --mode qa --query '{}' --limit 50000 --sort-field createdAt --sort-direction -1 --output data/raw/chat_qa.jsonl --user-field question --assistant-field answer --context-field context


>>> /root/paralaus-project/.venv/bin/python scripts/prepare_finetune_dataset.py --input data/raw/chat_qa.jsonl --output-dir data/finetune --train-ratio 0.9 --val-ratio 0.05 --seed 42


Training skipped by --skip-train.
[2026-06-19T02:00:03Z] finetune cron run finished
[2026-06-20T02:00:01Z] finetune cron run started
{
  "collection": "ai_training_logs",
  "mode": "qa",
  "total_read": 3784,
  "written": 3784,
  "skipped": 0,
  "output": "data/raw/chat_qa.jsonl"
}
{
  "input": "data/raw/chat_qa.jsonl",
  "total_rows": 3784,
  "accepted_rows": 3727,
  "skipped_rows": 57,
  "train_rows": 3354,
  "val_rows": 186,
  "test_rows": 187,
  "seed": 42
}

>>> /root/paralaus-project/.venv/bin/python scripts/export_training_data.py --mongo-uri 'mongodb://ghostchat_root:Pi3AlFa1970@diarss.online:27017/poker?authSource=admin' --db poker --collection ai_training_logs --mode qa --query '{}' --limit 50000 --sort-field createdAt --sort-direction -1 --output data/raw/chat_qa.jsonl --user-field question --assistant-field answer --context-field context


>>> /root/paralaus-project/.venv/bin/python scripts/prepare_finetune_dataset.py --input data/raw/chat_qa.jsonl --output-dir data/finetune --train-ratio 0.9 --val-ratio 0.05 --seed 42


Training skipped by --skip-train.
[2026-06-20T02:00:04Z] finetune cron run finished
[2026-06-21T02:00:01Z] finetune cron run started
{
  "collection": "ai_training_logs",
  "mode": "qa",
  "total_read": 4011,
  "written": 4011,
  "skipped": 0,
  "output": "data/raw/chat_qa.jsonl"
}
{
  "input": "data/raw/chat_qa.jsonl",
  "total_rows": 4011,
  "accepted_rows": 3949,
  "skipped_rows": 62,
  "train_rows": 3554,
  "val_rows": 197,
  "test_rows": 198,
  "seed": 42
}

>>> /root/paralaus-project/.venv/bin/python scripts/export_training_data.py --mongo-uri 'mongodb://ghostchat_root:Pi3AlFa1970@diarss.online:27017/poker?authSource=admin' --db poker --collection ai_training_logs --mode qa --query '{}' --limit 50000 --sort-field createdAt --sort-direction -1 --output data/raw/chat_qa.jsonl --user-field question --assistant-field answer --context-field context


>>> /root/paralaus-project/.venv/bin/python scripts/prepare_finetune_dataset.py --input data/raw/chat_qa.jsonl --output-dir data/finetune --train-ratio 0.9 --val-ratio 0.05 --seed 42


Training skipped by --skip-train.
[2026-06-21T02:00:04Z] finetune cron run finished
[2026-06-22T02:00:01Z] finetune cron run started
{
  "collection": "ai_training_logs",
  "mode": "qa",
  "total_read": 4322,
  "written": 4322,
  "skipped": 0,
  "output": "data/raw/chat_qa.jsonl"
}
{
  "input": "data/raw/chat_qa.jsonl",
  "total_rows": 4322,
  "accepted_rows": 4258,
  "skipped_rows": 64,
  "train_rows": 3832,
  "val_rows": 212,
  "test_rows": 214,
  "seed": 42
}

>>> /root/paralaus-project/.venv/bin/python scripts/export_training_data.py --mongo-uri 'mongodb://ghostchat_root:Pi3AlFa1970@diarss.online:27017/poker?authSource=admin' --db poker --collection ai_training_logs --mode qa --query '{}' --limit 50000 --sort-field createdAt --sort-direction -1 --output data/raw/chat_qa.jsonl --user-field question --assistant-field answer --context-field context


>>> /root/paralaus-project/.venv/bin/python scripts/prepare_finetune_dataset.py --input data/raw/chat_qa.jsonl --output-dir data/finetune --train-ratio 0.9 --val-ratio 0.05 --seed 42


Training skipped by --skip-train.
[2026-06-22T02:00:02Z] finetune cron run finished
[2026-06-23T02:00:01Z] finetune cron run started
{
  "collection": "ai_training_logs",
  "mode": "qa",
  "total_read": 4729,
  "written": 4729,
  "skipped": 0,
  "output": "data/raw/chat_qa.jsonl"
}
{
  "input": "data/raw/chat_qa.jsonl",
  "total_rows": 4729,
  "accepted_rows": 4661,
  "skipped_rows": 68,
  "train_rows": 4194,
  "val_rows": 233,
  "test_rows": 234,
  "seed": 42
}

>>> /root/paralaus-project/.venv/bin/python scripts/export_training_data.py --mongo-uri 'mongodb://ghostchat_root:Pi3AlFa1970@diarss.online:27017/poker?authSource=admin' --db poker --collection ai_training_logs --mode qa --query '{}' --limit 50000 --sort-field createdAt --sort-direction -1 --output data/raw/chat_qa.jsonl --user-field question --assistant-field answer --context-field context


>>> /root/paralaus-project/.venv/bin/python scripts/prepare_finetune_dataset.py --input data/raw/chat_qa.jsonl --output-dir data/finetune --train-ratio 0.9 --val-ratio 0.05 --seed 42


Training skipped by --skip-train.
[2026-06-23T02:00:03Z] finetune cron run finished
[2026-06-24T02:00:01Z] finetune cron run started
{
  "collection": "ai_training_logs",
  "mode": "qa",
  "total_read": 5196,
  "written": 5196,
  "skipped": 0,
  "output": "data/raw/chat_qa.jsonl"
}
{
  "input": "data/raw/chat_qa.jsonl",
  "total_rows": 5196,
  "accepted_rows": 5120,
  "skipped_rows": 76,
  "train_rows": 4608,
  "val_rows": 256,
  "test_rows": 256,
  "seed": 42
}

>>> /root/paralaus-project/.venv/bin/python scripts/export_training_data.py --mongo-uri 'mongodb://ghostchat_root:Pi3AlFa1970@diarss.online:27017/poker?authSource=admin' --db poker --collection ai_training_logs --mode qa --query '{}' --limit 50000 --sort-field createdAt --sort-direction -1 --output data/raw/chat_qa.jsonl --user-field question --assistant-field answer --context-field context


>>> /root/paralaus-project/.venv/bin/python scripts/prepare_finetune_dataset.py --input data/raw/chat_qa.jsonl --output-dir data/finetune --train-ratio 0.9 --val-ratio 0.05 --seed 42


Training skipped by --skip-train.
[2026-06-24T02:00:03Z] finetune cron run finished
[2026-06-25T02:00:02Z] finetune cron run started
{
  "collection": "ai_training_logs",
  "mode": "qa",
  "total_read": 6112,
  "written": 6112,
  "skipped": 0,
  "output": "data/raw/chat_qa.jsonl"
}
{
  "input": "data/raw/chat_qa.jsonl",
  "total_rows": 6112,
  "accepted_rows": 6027,
  "skipped_rows": 85,
  "train_rows": 5424,
  "val_rows": 301,
  "test_rows": 302,
  "seed": 42
}

>>> /root/paralaus-project/.venv/bin/python scripts/export_training_data.py --mongo-uri 'mongodb://ghostchat_root:Pi3AlFa1970@diarss.online:27017/poker?authSource=admin' --db poker --collection ai_training_logs --mode qa --query '{}' --limit 50000 --sort-field createdAt --sort-direction -1 --output data/raw/chat_qa.jsonl --user-field question --assistant-field answer --context-field context


>>> /root/paralaus-project/.venv/bin/python scripts/prepare_finetune_dataset.py --input data/raw/chat_qa.jsonl --output-dir data/finetune --train-ratio 0.9 --val-ratio 0.05 --seed 42


Training skipped by --skip-train.
[2026-06-25T02:00:04Z] finetune cron run finished
[2026-06-26T02:00:01Z] finetune cron run started
{
  "collection": "ai_training_logs",
  "mode": "qa",
  "total_read": 6354,
  "written": 6354,
  "skipped": 0,
  "output": "data/raw/chat_qa.jsonl"
}
{
  "input": "data/raw/chat_qa.jsonl",
  "total_rows": 6354,
  "accepted_rows": 6265,
  "skipped_rows": 89,
  "train_rows": 5638,
  "val_rows": 313,
  "test_rows": 314,
  "seed": 42
}

>>> /root/paralaus-project/.venv/bin/python scripts/export_training_data.py --mongo-uri 'mongodb://ghostchat_root:Pi3AlFa1970@diarss.online:27017/poker?authSource=admin' --db poker --collection ai_training_logs --mode qa --query '{}' --limit 50000 --sort-field createdAt --sort-direction -1 --output data/raw/chat_qa.jsonl --user-field question --assistant-field answer --context-field context


>>> /root/paralaus-project/.venv/bin/python scripts/prepare_finetune_dataset.py --input data/raw/chat_qa.jsonl --output-dir data/finetune --train-ratio 0.9 --val-ratio 0.05 --seed 42


Training skipped by --skip-train.
[2026-06-26T02:00:04Z] finetune cron run finished
[2026-06-27T02:00:01Z] finetune cron run started
{
  "collection": "ai_training_logs",
  "mode": "qa",
  "total_read": 6543,
  "written": 6543,
  "skipped": 0,
  "output": "data/raw/chat_qa.jsonl"
}
{
  "input": "data/raw/chat_qa.jsonl",
  "total_rows": 6543,
  "accepted_rows": 6448,
  "skipped_rows": 95,
  "train_rows": 5803,
  "val_rows": 322,
  "test_rows": 323,
  "seed": 42
}

>>> /root/paralaus-project/.venv/bin/python scripts/export_training_data.py --mongo-uri 'mongodb://ghostchat_root:Pi3AlFa1970@diarss.online:27017/poker?authSource=admin' --db poker --collection ai_training_logs --mode qa --query '{}' --limit 50000 --sort-field createdAt --sort-direction -1 --output data/raw/chat_qa.jsonl --user-field question --assistant-field answer --context-field context


>>> /root/paralaus-project/.venv/bin/python scripts/prepare_finetune_dataset.py --input data/raw/chat_qa.jsonl --output-dir data/finetune --train-ratio 0.9 --val-ratio 0.05 --seed 42


Training skipped by --skip-train.
[2026-06-27T02:00:04Z] finetune cron run finished
[2026-06-28T02:00:01Z] finetune cron run started
{
  "collection": "ai_training_logs",
  "mode": "qa",
  "total_read": 6682,
  "written": 6682,
  "skipped": 0,
  "output": "data/raw/chat_qa.jsonl"
}
{
  "input": "data/raw/chat_qa.jsonl",
  "total_rows": 6682,
  "accepted_rows": 6584,
  "skipped_rows": 98,
  "train_rows": 5925,
  "val_rows": 329,
  "test_rows": 330,
  "seed": 42
}

>>> /root/paralaus-project/.venv/bin/python scripts/export_training_data.py --mongo-uri 'mongodb://ghostchat_root:Pi3AlFa1970@diarss.online:27017/poker?authSource=admin' --db poker --collection ai_training_logs --mode qa --query '{}' --limit 50000 --sort-field createdAt --sort-direction -1 --output data/raw/chat_qa.jsonl --user-field question --assistant-field answer --context-field context


>>> /root/paralaus-project/.venv/bin/python scripts/prepare_finetune_dataset.py --input data/raw/chat_qa.jsonl --output-dir data/finetune --train-ratio 0.9 --val-ratio 0.05 --seed 42


Training skipped by --skip-train.
[2026-06-28T02:00:04Z] finetune cron run finished
[2026-06-29T02:00:01Z] finetune cron run started
{
  "collection": "ai_training_logs",
  "mode": "qa",
  "total_read": 6815,
  "written": 6815,
  "skipped": 0,
  "output": "data/raw/chat_qa.jsonl"
}
{
  "input": "data/raw/chat_qa.jsonl",
  "total_rows": 6815,
  "accepted_rows": 6712,
  "skipped_rows": 103,
  "train_rows": 6040,
  "val_rows": 335,
  "test_rows": 337,
  "seed": 42
}

>>> /root/paralaus-project/.venv/bin/python scripts/export_training_data.py --mongo-uri 'mongodb://ghostchat_root:Pi3AlFa1970@diarss.online:27017/poker?authSource=admin' --db poker --collection ai_training_logs --mode qa --query '{}' --limit 50000 --sort-field createdAt --sort-direction -1 --output data/raw/chat_qa.jsonl --user-field question --assistant-field answer --context-field context


>>> /root/paralaus-project/.venv/bin/python scripts/prepare_finetune_dataset.py --input data/raw/chat_qa.jsonl --output-dir data/finetune --train-ratio 0.9 --val-ratio 0.05 --seed 42


Training skipped by --skip-train.
[2026-06-29T02:00:04Z] finetune cron run finished
[2026-06-30T02:00:01Z] finetune cron run started
{
  "collection": "ai_training_logs",
  "mode": "qa",
  "total_read": 6918,
  "written": 6918,
  "skipped": 0,
  "output": "data/raw/chat_qa.jsonl"
}
{
  "input": "data/raw/chat_qa.jsonl",
  "total_rows": 6918,
  "accepted_rows": 6814,
  "skipped_rows": 104,
  "train_rows": 6132,
  "val_rows": 340,
  "test_rows": 342,
  "seed": 42
}

>>> /root/paralaus-project/.venv/bin/python scripts/export_training_data.py --mongo-uri 'mongodb://ghostchat_root:Pi3AlFa1970@diarss.online:27017/poker?authSource=admin' --db poker --collection ai_training_logs --mode qa --query '{}' --limit 50000 --sort-field createdAt --sort-direction -1 --output data/raw/chat_qa.jsonl --user-field question --assistant-field answer --context-field context


>>> /root/paralaus-project/.venv/bin/python scripts/prepare_finetune_dataset.py --input data/raw/chat_qa.jsonl --output-dir data/finetune --train-ratio 0.9 --val-ratio 0.05 --seed 42


Training skipped by --skip-train.
[2026-06-30T02:00:04Z] finetune cron run finished
[2026-07-01T02:00:01Z] finetune cron run started
{
  "collection": "ai_training_logs",
  "mode": "qa",
  "total_read": 6959,
  "written": 6959,
  "skipped": 0,
  "output": "data/raw/chat_qa.jsonl"
}
{
  "input": "data/raw/chat_qa.jsonl",
  "total_rows": 6959,
  "accepted_rows": 6852,
  "skipped_rows": 107,
  "train_rows": 6166,
  "val_rows": 342,
  "test_rows": 344,
  "seed": 42
}

>>> /root/paralaus-project/.venv/bin/python scripts/export_training_data.py --mongo-uri 'mongodb://ghostchat_root:Pi3AlFa1970@diarss.online:27017/poker?authSource=admin' --db poker --collection ai_training_logs --mode qa --query '{}' --limit 50000 --sort-field createdAt --sort-direction -1 --output data/raw/chat_qa.jsonl --user-field question --assistant-field answer --context-field context


>>> /root/paralaus-project/.venv/bin/python scripts/prepare_finetune_dataset.py --input data/raw/chat_qa.jsonl --output-dir data/finetune --train-ratio 0.9 --val-ratio 0.05 --seed 42


Training skipped by --skip-train.
[2026-07-01T02:00:03Z] finetune cron run finished
[2026-07-02T02:00:01Z] finetune cron run started
{
  "collection": "ai_training_logs",
  "mode": "qa",
  "total_read": 7018,
  "written": 7018,
  "skipped": 0,
  "output": "data/raw/chat_qa.jsonl"
}
{
  "input": "data/raw/chat_qa.jsonl",
  "total_rows": 7018,
  "accepted_rows": 6909,
  "skipped_rows": 109,
  "train_rows": 6218,
  "val_rows": 345,
  "test_rows": 346,
  "seed": 42
}

>>> /root/paralaus-project/.venv/bin/python scripts/export_training_data.py --mongo-uri 'mongodb://ghostchat_root:Pi3AlFa1970@diarss.online:27017/poker?authSource=admin' --db poker --collection ai_training_logs --mode qa --query '{}' --limit 50000 --sort-field createdAt --sort-direction -1 --output data/raw/chat_qa.jsonl --user-field question --assistant-field answer --context-field context


>>> /root/paralaus-project/.venv/bin/python scripts/prepare_finetune_dataset.py --input data/raw/chat_qa.jsonl --output-dir data/finetune --train-ratio 0.9 --val-ratio 0.05 --seed 42


Training skipped by --skip-train.
[2026-07-02T02:00:03Z] finetune cron run finished
[2026-07-03T02:00:01Z] finetune cron run started
{
  "collection": "ai_training_logs",
  "mode": "qa",
  "total_read": 7082,
  "written": 7082,
  "skipped": 0,
  "output": "data/raw/chat_qa.jsonl"
}
{
  "input": "data/raw/chat_qa.jsonl",
  "total_rows": 7082,
  "accepted_rows": 6973,
  "skipped_rows": 109,
  "train_rows": 6275,
  "val_rows": 348,
  "test_rows": 350,
  "seed": 42
}

>>> /root/paralaus-project/.venv/bin/python scripts/export_training_data.py --mongo-uri 'mongodb://ghostchat_root:Pi3AlFa1970@diarss.online:27017/poker?authSource=admin' --db poker --collection ai_training_logs --mode qa --query '{}' --limit 50000 --sort-field createdAt --sort-direction -1 --output data/raw/chat_qa.jsonl --user-field question --assistant-field answer --context-field context


>>> /root/paralaus-project/.venv/bin/python scripts/prepare_finetune_dataset.py --input data/raw/chat_qa.jsonl --output-dir data/finetune --train-ratio 0.9 --val-ratio 0.05 --seed 42


Training skipped by --skip-train.
[2026-07-03T02:00:03Z] finetune cron run finished
[2026-07-04T02:00:01Z] finetune cron run started
{
  "collection": "ai_training_logs",
  "mode": "qa",
  "total_read": 7150,
  "written": 7150,
  "skipped": 0,
  "output": "data/raw/chat_qa.jsonl"
}
{
  "input": "data/raw/chat_qa.jsonl",
  "total_rows": 7150,
  "accepted_rows": 7041,
  "skipped_rows": 109,
  "train_rows": 6336,
  "val_rows": 352,
  "test_rows": 353,
  "seed": 42
}

>>> /root/paralaus-project/.venv/bin/python scripts/export_training_data.py --mongo-uri 'mongodb://ghostchat_root:Pi3AlFa1970@diarss.online:27017/poker?authSource=admin' --db poker --collection ai_training_logs --mode qa --query '{}' --limit 50000 --sort-field createdAt --sort-direction -1 --output data/raw/chat_qa.jsonl --user-field question --assistant-field answer --context-field context


>>> /root/paralaus-project/.venv/bin/python scripts/prepare_finetune_dataset.py --input data/raw/chat_qa.jsonl --output-dir data/finetune --train-ratio 0.9 --val-ratio 0.05 --seed 42


Training skipped by --skip-train.
[2026-07-04T02:00:04Z] finetune cron run finished
[2026-07-05T02:00:01Z] finetune cron run started
{
  "collection": "ai_training_logs",
  "mode": "qa",
  "total_read": 7183,
  "written": 7183,
  "skipped": 0,
  "output": "data/raw/chat_qa.jsonl"
}
{
  "input": "data/raw/chat_qa.jsonl",
  "total_rows": 7183,
  "accepted_rows": 7072,
  "skipped_rows": 111,
  "train_rows": 6364,
  "val_rows": 353,
  "test_rows": 355,
  "seed": 42
}

>>> /root/paralaus-project/.venv/bin/python scripts/export_training_data.py --mongo-uri 'mongodb://ghostchat_root:Pi3AlFa1970@diarss.online:27017/poker?authSource=admin' --db poker --collection ai_training_logs --mode qa --query '{}' --limit 50000 --sort-field createdAt --sort-direction -1 --output data/raw/chat_qa.jsonl --user-field question --assistant-field answer --context-field context


>>> /root/paralaus-project/.venv/bin/python scripts/prepare_finetune_dataset.py --input data/raw/chat_qa.jsonl --output-dir data/finetune --train-ratio 0.9 --val-ratio 0.05 --seed 42


Training skipped by --skip-train.
[2026-07-05T02:00:03Z] finetune cron run finished
[2026-07-06T02:00:01Z] finetune cron run started
{
  "collection": "ai_training_logs",
  "mode": "qa",
  "total_read": 7206,
  "written": 7206,
  "skipped": 0,
  "output": "data/raw/chat_qa.jsonl"
}
{
  "input": "data/raw/chat_qa.jsonl",
  "total_rows": 7206,
  "accepted_rows": 7095,
  "skipped_rows": 111,
  "train_rows": 6385,
  "val_rows": 354,
  "test_rows": 356,
  "seed": 42
}

>>> /root/paralaus-project/.venv/bin/python scripts/export_training_data.py --mongo-uri 'mongodb://ghostchat_root:Pi3AlFa1970@diarss.online:27017/poker?authSource=admin' --db poker --collection ai_training_logs --mode qa --query '{}' --limit 50000 --sort-field createdAt --sort-direction -1 --output data/raw/chat_qa.jsonl --user-field question --assistant-field answer --context-field context


>>> /root/paralaus-project/.venv/bin/python scripts/prepare_finetune_dataset.py --input data/raw/chat_qa.jsonl --output-dir data/finetune --train-ratio 0.9 --val-ratio 0.05 --seed 42


Training skipped by --skip-train.
[2026-07-06T02:00:03Z] finetune cron run finished
[2026-07-07T02:00:01Z] finetune cron run started
{
  "collection": "ai_training_logs",
  "mode": "qa",
  "total_read": 7300,
  "written": 7300,
  "skipped": 0,
  "output": "data/raw/chat_qa.jsonl"
}
{
  "input": "data/raw/chat_qa.jsonl",
  "total_rows": 7300,
  "accepted_rows": 7186,
  "skipped_rows": 114,
  "train_rows": 6467,
  "val_rows": 359,
  "test_rows": 360,
  "seed": 42
}

>>> /root/paralaus-project/.venv/bin/python scripts/export_training_data.py --mongo-uri 'mongodb://ghostchat_root:Pi3AlFa1970@diarss.online:27017/poker?authSource=admin' --db poker --collection ai_training_logs --mode qa --query '{}' --limit 50000 --sort-field createdAt --sort-direction -1 --output data/raw/chat_qa.jsonl --user-field question --assistant-field answer --context-field context


>>> /root/paralaus-project/.venv/bin/python scripts/prepare_finetune_dataset.py --input data/raw/chat_qa.jsonl --output-dir data/finetune --train-ratio 0.9 --val-ratio 0.05 --seed 42


Training skipped by --skip-train.
[2026-07-07T02:00:03Z] finetune cron run finished
[2026-07-08T02:00:01Z] finetune cron run started
{
  "collection": "ai_training_logs",
  "mode": "qa",
  "total_read": 7352,
  "written": 7352,
  "skipped": 0,
  "output": "data/raw/chat_qa.jsonl"
}
{
  "input": "data/raw/chat_qa.jsonl",
  "total_rows": 7352,
  "accepted_rows": 7238,
  "skipped_rows": 114,
  "train_rows": 6514,
  "val_rows": 361,
  "test_rows": 363,
  "seed": 42
}

>>> /root/paralaus-project/.venv/bin/python scripts/export_training_data.py --mongo-uri 'mongodb://ghostchat_root:Pi3AlFa1970@diarss.online:27017/poker?authSource=admin' --db poker --collection ai_training_logs --mode qa --query '{}' --limit 50000 --sort-field createdAt --sort-direction -1 --output data/raw/chat_qa.jsonl --user-field question --assistant-field answer --context-field context


>>> /root/paralaus-project/.venv/bin/python scripts/prepare_finetune_dataset.py --input data/raw/chat_qa.jsonl --output-dir data/finetune --train-ratio 0.9 --val-ratio 0.05 --seed 42


Training skipped by --skip-train.
[2026-07-08T02:00:04Z] finetune cron run finished
[2026-07-09T02:00:01Z] finetune cron run started
{
  "collection": "ai_training_logs",
  "mode": "qa",
  "total_read": 7412,
  "written": 7412,
  "skipped": 0,
  "output": "data/raw/chat_qa.jsonl"
}
{
  "input": "data/raw/chat_qa.jsonl",
  "total_rows": 7412,
  "accepted_rows": 7297,
  "skipped_rows": 115,
  "train_rows": 6567,
  "val_rows": 364,
  "test_rows": 366,
  "seed": 42
}

>>> /root/paralaus-project/.venv/bin/python scripts/export_training_data.py --mongo-uri 'mongodb://ghostchat_root:Pi3AlFa1970@diarss.online:27017/poker?authSource=admin' --db poker --collection ai_training_logs --mode qa --query '{}' --limit 50000 --sort-field createdAt --sort-direction -1 --output data/raw/chat_qa.jsonl --user-field question --assistant-field answer --context-field context


>>> /root/paralaus-project/.venv/bin/python scripts/prepare_finetune_dataset.py --input data/raw/chat_qa.jsonl --output-dir data/finetune --train-ratio 0.9 --val-ratio 0.05 --seed 42


Training skipped by --skip-train.
[2026-07-09T02:00:03Z] finetune cron run finished
[2026-07-10T02:00:01Z] finetune cron run started
{
  "collection": "ai_training_logs",
  "mode": "qa",
  "total_read": 7498,
  "written": 7498,
  "skipped": 0,
  "output": "data/raw/chat_qa.jsonl"
}
{
  "input": "data/raw/chat_qa.jsonl",
  "total_rows": 7498,
  "accepted_rows": 7382,
  "skipped_rows": 116,
  "train_rows": 6643,
  "val_rows": 369,
  "test_rows": 370,
  "seed": 42
}

>>> /root/paralaus-project/.venv/bin/python scripts/export_training_data.py --mongo-uri 'mongodb://ghostchat_root:Pi3AlFa1970@diarss.online:27017/poker?authSource=admin' --db poker --collection ai_training_logs --mode qa --query '{}' --limit 50000 --sort-field createdAt --sort-direction -1 --output data/raw/chat_qa.jsonl --user-field question --assistant-field answer --context-field context


>>> /root/paralaus-project/.venv/bin/python scripts/prepare_finetune_dataset.py --input data/raw/chat_qa.jsonl --output-dir data/finetune --train-ratio 0.9 --val-ratio 0.05 --seed 42


Training skipped by --skip-train.
[2026-07-10T02:00:04Z] finetune cron run finished
[2026-07-11T02:00:01Z] finetune cron run started
{
  "collection": "ai_training_logs",
  "mode": "qa",
  "total_read": 7565,
  "written": 7565,
  "skipped": 0,
  "output": "data/raw/chat_qa.jsonl"
}
{
  "input": "data/raw/chat_qa.jsonl",
  "total_rows": 7565,
  "accepted_rows": 7448,
  "skipped_rows": 117,
  "train_rows": 6703,
  "val_rows": 372,
  "test_rows": 373,
  "seed": 42
}

>>> /root/paralaus-project/.venv/bin/python scripts/export_training_data.py --mongo-uri 'mongodb://ghostchat_root:Pi3AlFa1970@diarss.online:27017/poker?authSource=admin' --db poker --collection ai_training_logs --mode qa --query '{}' --limit 50000 --sort-field createdAt --sort-direction -1 --output data/raw/chat_qa.jsonl --user-field question --assistant-field answer --context-field context


>>> /root/paralaus-project/.venv/bin/python scripts/prepare_finetune_dataset.py --input data/raw/chat_qa.jsonl --output-dir data/finetune --train-ratio 0.9 --val-ratio 0.05 --seed 42


Training skipped by --skip-train.
[2026-07-11T02:00:04Z] finetune cron run finished
[2026-07-12T02:00:01Z] finetune cron run started
{
  "collection": "ai_training_logs",
  "mode": "qa",
  "total_read": 7593,
  "written": 7593,
  "skipped": 0,
  "output": "data/raw/chat_qa.jsonl"
}
{
  "input": "data/raw/chat_qa.jsonl",
  "total_rows": 7593,
  "accepted_rows": 7476,
  "skipped_rows": 117,
  "train_rows": 6728,
  "val_rows": 373,
  "test_rows": 375,
  "seed": 42
}

>>> /root/paralaus-project/.venv/bin/python scripts/export_training_data.py --mongo-uri 'mongodb://ghostchat_root:Pi3AlFa1970@diarss.online:27017/poker?authSource=admin' --db poker --collection ai_training_logs --mode qa --query '{}' --limit 50000 --sort-field createdAt --sort-direction -1 --output data/raw/chat_qa.jsonl --user-field question --assistant-field answer --context-field context


>>> /root/paralaus-project/.venv/bin/python scripts/prepare_finetune_dataset.py --input data/raw/chat_qa.jsonl --output-dir data/finetune --train-ratio 0.9 --val-ratio 0.05 --seed 42


Training skipped by --skip-train.
[2026-07-12T02:00:04Z] finetune cron run finished
[2026-07-13T02:00:01Z] finetune cron run started
{
  "collection": "ai_training_logs",
  "mode": "qa",
  "total_read": 7681,
  "written": 7681,
  "skipped": 0,
  "output": "data/raw/chat_qa.jsonl"
}
{
  "input": "data/raw/chat_qa.jsonl",
  "total_rows": 7681,
  "accepted_rows": 7559,
  "skipped_rows": 122,
  "train_rows": 6803,
  "val_rows": 377,
  "test_rows": 379,
  "seed": 42
}

>>> /root/paralaus-project/.venv/bin/python scripts/export_training_data.py --mongo-uri 'mongodb://ghostchat_root:Pi3AlFa1970@diarss.online:27017/poker?authSource=admin' --db poker --collection ai_training_logs --mode qa --query '{}' --limit 50000 --sort-field createdAt --sort-direction -1 --output data/raw/chat_qa.jsonl --user-field question --assistant-field answer --context-field context


>>> /root/paralaus-project/.venv/bin/python scripts/prepare_finetune_dataset.py --input data/raw/chat_qa.jsonl --output-dir data/finetune --train-ratio 0.9 --val-ratio 0.05 --seed 42


Training skipped by --skip-train.
[2026-07-13T02:00:03Z] finetune cron run finished
[2026-07-14T02:00:01Z] finetune cron run started
{
  "collection": "ai_training_logs",
  "mode": "qa",
  "total_read": 7774,
  "written": 7774,
  "skipped": 0,
  "output": "data/raw/chat_qa.jsonl"
}
{
  "input": "data/raw/chat_qa.jsonl",
  "total_rows": 7774,
  "accepted_rows": 7650,
  "skipped_rows": 124,
  "train_rows": 6885,
  "val_rows": 382,
  "test_rows": 383,
  "seed": 42
}

>>> /root/paralaus-project/.venv/bin/python scripts/export_training_data.py --mongo-uri 'mongodb://ghostchat_root:Pi3AlFa1970@diarss.online:27017/poker?authSource=admin' --db poker --collection ai_training_logs --mode qa --query '{}' --limit 50000 --sort-field createdAt --sort-direction -1 --output data/raw/chat_qa.jsonl --user-field question --assistant-field answer --context-field context


>>> /root/paralaus-project/.venv/bin/python scripts/prepare_finetune_dataset.py --input data/raw/chat_qa.jsonl --output-dir data/finetune --train-ratio 0.9 --val-ratio 0.05 --seed 42


Training skipped by --skip-train.
[2026-07-14T02:00:03Z] finetune cron run finished
[2026-07-15T02:00:01Z] finetune cron run started
{
  "collection": "ai_training_logs",
  "mode": "qa",
  "total_read": 7836,
  "written": 7836,
  "skipped": 0,
  "output": "data/raw/chat_qa.jsonl"
}
{
  "input": "data/raw/chat_qa.jsonl",
  "total_rows": 7836,
  "accepted_rows": 7711,
  "skipped_rows": 125,
  "train_rows": 6939,
  "val_rows": 385,
  "test_rows": 387,
  "seed": 42
}

>>> /root/paralaus-project/.venv/bin/python scripts/export_training_data.py --mongo-uri 'mongodb://ghostchat_root:Pi3AlFa1970@diarss.online:27017/poker?authSource=admin' --db poker --collection ai_training_logs --mode qa --query '{}' --limit 50000 --sort-field createdAt --sort-direction -1 --output data/raw/chat_qa.jsonl --user-field question --assistant-field answer --context-field context


>>> /root/paralaus-project/.venv/bin/python scripts/prepare_finetune_dataset.py --input data/raw/chat_qa.jsonl --output-dir data/finetune --train-ratio 0.9 --val-ratio 0.05 --seed 42


Training skipped by --skip-train.
[2026-07-15T02:00:04Z] finetune cron run finished
[2026-07-16T02:00:01Z] finetune cron run started
{
  "collection": "ai_training_logs",
  "mode": "qa",
  "total_read": 7922,
  "written": 7922,
  "skipped": 0,
  "output": "data/raw/chat_qa.jsonl"
}
{
  "input": "data/raw/chat_qa.jsonl",
  "total_rows": 7922,
  "accepted_rows": 7797,
  "skipped_rows": 125,
  "train_rows": 7017,
  "val_rows": 389,
  "test_rows": 391,
  "seed": 42
}

>>> /root/paralaus-project/.venv/bin/python scripts/export_training_data.py --mongo-uri 'mongodb://ghostchat_root:Pi3AlFa1970@diarss.online:27017/poker?authSource=admin' --db poker --collection ai_training_logs --mode qa --query '{}' --limit 50000 --sort-field createdAt --sort-direction -1 --output data/raw/chat_qa.jsonl --user-field question --assistant-field answer --context-field context


>>> /root/paralaus-project/.venv/bin/python scripts/prepare_finetune_dataset.py --input data/raw/chat_qa.jsonl --output-dir data/finetune --train-ratio 0.9 --val-ratio 0.05 --seed 42


Training skipped by --skip-train.
[2026-07-16T02:00:03Z] finetune cron run finished
[2026-07-17T02:00:01Z] finetune cron run started
{
  "collection": "ai_training_logs",
  "mode": "qa",
  "total_read": 7992,
  "written": 7992,
  "skipped": 0,
  "output": "data/raw/chat_qa.jsonl"
}
{
  "input": "data/raw/chat_qa.jsonl",
  "total_rows": 7992,
  "accepted_rows": 7865,
  "skipped_rows": 127,
  "train_rows": 7078,
  "val_rows": 393,
  "test_rows": 394,
  "seed": 42
}

>>> /root/paralaus-project/.venv/bin/python scripts/export_training_data.py --mongo-uri 'mongodb://ghostchat_root:Pi3AlFa1970@diarss.online:27017/poker?authSource=admin' --db poker --collection ai_training_logs --mode qa --query '{}' --limit 50000 --sort-field createdAt --sort-direction -1 --output data/raw/chat_qa.jsonl --user-field question --assistant-field answer --context-field context


>>> /root/paralaus-project/.venv/bin/python scripts/prepare_finetune_dataset.py --input data/raw/chat_qa.jsonl --output-dir data/finetune --train-ratio 0.9 --val-ratio 0.05 --seed 42


Training skipped by --skip-train.
[2026-07-17T02:00:04Z] finetune cron run finished
[2026-07-18T02:00:01Z] finetune cron run started
{
  "collection": "ai_training_logs",
  "mode": "qa",
  "total_read": 8073,
  "written": 8073,
  "skipped": 0,
  "output": "data/raw/chat_qa.jsonl"
}
{
  "input": "data/raw/chat_qa.jsonl",
  "total_rows": 8073,
  "accepted_rows": 7945,
  "skipped_rows": 128,
  "train_rows": 7150,
  "val_rows": 397,
  "test_rows": 398,
  "seed": 42
}

>>> /root/paralaus-project/.venv/bin/python scripts/export_training_data.py --mongo-uri 'mongodb://ghostchat_root:Pi3AlFa1970@diarss.online:27017/poker?authSource=admin' --db poker --collection ai_training_logs --mode qa --query '{}' --limit 50000 --sort-field createdAt --sort-direction -1 --output data/raw/chat_qa.jsonl --user-field question --assistant-field answer --context-field context


>>> /root/paralaus-project/.venv/bin/python scripts/prepare_finetune_dataset.py --input data/raw/chat_qa.jsonl --output-dir data/finetune --train-ratio 0.9 --val-ratio 0.05 --seed 42


Training skipped by --skip-train.
[2026-07-18T02:00:04Z] finetune cron run finished
[2026-07-19T02:00:01Z] finetune cron run started
{
  "collection": "ai_training_logs",
  "mode": "qa",
  "total_read": 8104,
  "written": 8104,
  "skipped": 0,
  "output": "data/raw/chat_qa.jsonl"
}
{
  "input": "data/raw/chat_qa.jsonl",
  "total_rows": 8104,
  "accepted_rows": 7975,
  "skipped_rows": 129,
  "train_rows": 7177,
  "val_rows": 398,
  "test_rows": 400,
  "seed": 42
}

>>> /root/paralaus-project/.venv/bin/python scripts/export_training_data.py --mongo-uri 'mongodb://ghostchat_root:Pi3AlFa1970@diarss.online:27017/poker?authSource=admin' --db poker --collection ai_training_logs --mode qa --query '{}' --limit 50000 --sort-field createdAt --sort-direction -1 --output data/raw/chat_qa.jsonl --user-field question --assistant-field answer --context-field context


>>> /root/paralaus-project/.venv/bin/python scripts/prepare_finetune_dataset.py --input data/raw/chat_qa.jsonl --output-dir data/finetune --train-ratio 0.9 --val-ratio 0.05 --seed 42


Training skipped by --skip-train.
[2026-07-19T02:00:04Z] finetune cron run finished
[2026-07-20T02:00:01Z] finetune cron run started
{
  "collection": "ai_training_logs",
  "mode": "qa",
  "total_read": 8138,
  "written": 8138,
  "skipped": 0,
  "output": "data/raw/chat_qa.jsonl"
}
{
  "input": "data/raw/chat_qa.jsonl",
  "total_rows": 8138,
  "accepted_rows": 8009,
  "skipped_rows": 129,
  "train_rows": 7208,
  "val_rows": 400,
  "test_rows": 401,
  "seed": 42
}

>>> /root/paralaus-project/.venv/bin/python scripts/export_training_data.py --mongo-uri 'mongodb://ghostchat_root:Pi3AlFa1970@diarss.online:27017/poker?authSource=admin' --db poker --collection ai_training_logs --mode qa --query '{}' --limit 50000 --sort-field createdAt --sort-direction -1 --output data/raw/chat_qa.jsonl --user-field question --assistant-field answer --context-field context


>>> /root/paralaus-project/.venv/bin/python scripts/prepare_finetune_dataset.py --input data/raw/chat_qa.jsonl --output-dir data/finetune --train-ratio 0.9 --val-ratio 0.05 --seed 42


Training skipped by --skip-train.
[2026-07-20T02:00:03Z] finetune cron run finished
[2026-07-21T02:00:01Z] finetune cron run started
{
  "collection": "ai_training_logs",
  "mode": "qa",
  "total_read": 8226,
  "written": 8226,
  "skipped": 0,
  "output": "data/raw/chat_qa.jsonl"
}
{
  "input": "data/raw/chat_qa.jsonl",
  "total_rows": 8226,
  "accepted_rows": 8095,
  "skipped_rows": 131,
  "train_rows": 7285,
  "val_rows": 404,
  "test_rows": 406,
  "seed": 42
}

>>> /root/paralaus-project/.venv/bin/python scripts/export_training_data.py --mongo-uri 'mongodb://ghostchat_root:Pi3AlFa1970@diarss.online:27017/poker?authSource=admin' --db poker --collection ai_training_logs --mode qa --query '{}' --limit 50000 --sort-field createdAt --sort-direction -1 --output data/raw/chat_qa.jsonl --user-field question --assistant-field answer --context-field context


>>> /root/paralaus-project/.venv/bin/python scripts/prepare_finetune_dataset.py --input data/raw/chat_qa.jsonl --output-dir data/finetune --train-ratio 0.9 --val-ratio 0.05 --seed 42


Training skipped by --skip-train.
[2026-07-21T02:00:03Z] finetune cron run finished
[2026-07-22T02:00:01Z] finetune cron run started
{
  "collection": "ai_training_logs",
  "mode": "qa",
  "total_read": 8286,
  "written": 8286,
  "skipped": 0,
  "output": "data/raw/chat_qa.jsonl"
}
{
  "input": "data/raw/chat_qa.jsonl",
  "total_rows": 8286,
  "accepted_rows": 8155,
  "skipped_rows": 131,
  "train_rows": 7339,
  "val_rows": 407,
  "test_rows": 409,
  "seed": 42
}

>>> /root/paralaus-project/.venv/bin/python scripts/export_training_data.py --mongo-uri 'mongodb://ghostchat_root:Pi3AlFa1970@diarss.online:27017/poker?authSource=admin' --db poker --collection ai_training_logs --mode qa --query '{}' --limit 50000 --sort-field createdAt --sort-direction -1 --output data/raw/chat_qa.jsonl --user-field question --assistant-field answer --context-field context


>>> /root/paralaus-project/.venv/bin/python scripts/prepare_finetune_dataset.py --input data/raw/chat_qa.jsonl --output-dir data/finetune --train-ratio 0.9 --val-ratio 0.05 --seed 42


Training skipped by --skip-train.
[2026-07-22T02:00:04Z] finetune cron run finished
[2026-07-23T02:00:01Z] finetune cron run started
{
  "collection": "ai_training_logs",
  "mode": "qa",
  "total_read": 8352,
  "written": 8352,
  "skipped": 0,
  "output": "data/raw/chat_qa.jsonl"
}
{
  "input": "data/raw/chat_qa.jsonl",
  "total_rows": 8352,
  "accepted_rows": 8221,
  "skipped_rows": 131,
  "train_rows": 7398,
  "val_rows": 411,
  "test_rows": 412,
  "seed": 42
}

>>> /root/paralaus-project/.venv/bin/python scripts/export_training_data.py --mongo-uri 'mongodb://ghostchat_root:Pi3AlFa1970@diarss.online:27017/poker?authSource=admin' --db poker --collection ai_training_logs --mode qa --query '{}' --limit 50000 --sort-field createdAt --sort-direction -1 --output data/raw/chat_qa.jsonl --user-field question --assistant-field answer --context-field context


>>> /root/paralaus-project/.venv/bin/python scripts/prepare_finetune_dataset.py --input data/raw/chat_qa.jsonl --output-dir data/finetune --train-ratio 0.9 --val-ratio 0.05 --seed 42


Training skipped by --skip-train.
[2026-07-23T02:00:04Z] finetune cron run finished
[2026-07-24T02:00:01Z] finetune cron run started
{
  "collection": "ai_training_logs",
  "mode": "qa",
  "total_read": 8485,
  "written": 8485,
  "skipped": 0,
  "output": "data/raw/chat_qa.jsonl"
}
{
  "input": "data/raw/chat_qa.jsonl",
  "total_rows": 8485,
  "accepted_rows": 8354,
  "skipped_rows": 131,
  "train_rows": 7518,
  "val_rows": 417,
  "test_rows": 419,
  "seed": 42
}

>>> /root/paralaus-project/.venv/bin/python scripts/export_training_data.py --mongo-uri 'mongodb://ghostchat_root:Pi3AlFa1970@diarss.online:27017/poker?authSource=admin' --db poker --collection ai_training_logs --mode qa --query '{}' --limit 50000 --sort-field createdAt --sort-direction -1 --output data/raw/chat_qa.jsonl --user-field question --assistant-field answer --context-field context


>>> /root/paralaus-project/.venv/bin/python scripts/prepare_finetune_dataset.py --input data/raw/chat_qa.jsonl --output-dir data/finetune --train-ratio 0.9 --val-ratio 0.05 --seed 42


Training skipped by --skip-train.
[2026-07-24T02:00:04Z] finetune cron run finished
[2026-07-25T02:00:01Z] finetune cron run started
{
  "collection": "ai_training_logs",
  "mode": "qa",
  "total_read": 8566,
  "written": 8566,
  "skipped": 0,
  "output": "data/raw/chat_qa.jsonl"
}
{
  "input": "data/raw/chat_qa.jsonl",
  "total_rows": 8566,
  "accepted_rows": 8431,
  "skipped_rows": 135,
  "train_rows": 7587,
  "val_rows": 421,
  "test_rows": 423,
  "seed": 42
}

>>> /root/paralaus-project/.venv/bin/python scripts/export_training_data.py --mongo-uri 'mongodb://ghostchat_root:Pi3AlFa1970@diarss.online:27017/poker?authSource=admin' --db poker --collection ai_training_logs --mode qa --query '{}' --limit 50000 --sort-field createdAt --sort-direction -1 --output data/raw/chat_qa.jsonl --user-field question --assistant-field answer --context-field context


>>> /root/paralaus-project/.venv/bin/python scripts/prepare_finetune_dataset.py --input data/raw/chat_qa.jsonl --output-dir data/finetune --train-ratio 0.9 --val-ratio 0.05 --seed 42


Training skipped by --skip-train.
[2026-07-25T02:00:04Z] finetune cron run finished
[2026-07-26T02:00:01Z] finetune cron run started
{
  "collection": "ai_training_logs",
  "mode": "qa",
  "total_read": 8600,
  "written": 8600,
  "skipped": 0,
  "output": "data/raw/chat_qa.jsonl"
}
{
  "input": "data/raw/chat_qa.jsonl",
  "total_rows": 8600,
  "accepted_rows": 8464,
  "skipped_rows": 136,
  "train_rows": 7617,
  "val_rows": 423,
  "test_rows": 424,
  "seed": 42
}

>>> /root/paralaus-project/.venv/bin/python scripts/export_training_data.py --mongo-uri 'mongodb://ghostchat_root:Pi3AlFa1970@diarss.online:27017/poker?authSource=admin' --db poker --collection ai_training_logs --mode qa --query '{}' --limit 50000 --sort-field createdAt --sort-direction -1 --output data/raw/chat_qa.jsonl --user-field question --assistant-field answer --context-field context


>>> /root/paralaus-project/.venv/bin/python scripts/prepare_finetune_dataset.py --input data/raw/chat_qa.jsonl --output-dir data/finetune --train-ratio 0.9 --val-ratio 0.05 --seed 42


Training skipped by --skip-train.
[2026-07-26T02:00:05Z] finetune cron run finished
[2026-07-27T02:00:01Z] finetune cron run started
{
  "collection": "ai_training_logs",
  "mode": "qa",
  "total_read": 8623,
  "written": 8623,
  "skipped": 0,
  "output": "data/raw/chat_qa.jsonl"
}
{
  "input": "data/raw/chat_qa.jsonl",
  "total_rows": 8623,
  "accepted_rows": 8486,
  "skipped_rows": 137,
  "train_rows": 7637,
  "val_rows": 424,
  "test_rows": 425,
  "seed": 42
}

>>> /root/paralaus-project/.venv/bin/python scripts/export_training_data.py --mongo-uri 'mongodb://ghostchat_root:Pi3AlFa1970@diarss.online:27017/poker?authSource=admin' --db poker --collection ai_training_logs --mode qa --query '{}' --limit 50000 --sort-field createdAt --sort-direction -1 --output data/raw/chat_qa.jsonl --user-field question --assistant-field answer --context-field context


>>> /root/paralaus-project/.venv/bin/python scripts/prepare_finetune_dataset.py --input data/raw/chat_qa.jsonl --output-dir data/finetune --train-ratio 0.9 --val-ratio 0.05 --seed 42


Training skipped by --skip-train.
[2026-07-27T02:00:03Z] finetune cron run finished
[2026-07-28T02:00:01Z] finetune cron run started
{
  "collection": "ai_training_logs",
  "mode": "qa",
  "total_read": 8657,
  "written": 8657,
  "skipped": 0,
  "output": "data/raw/chat_qa.jsonl"
}
{
  "input": "data/raw/chat_qa.jsonl",
  "total_rows": 8657,
  "accepted_rows": 8519,
  "skipped_rows": 138,
  "train_rows": 7667,
  "val_rows": 425,
  "test_rows": 427,
  "seed": 42
}

>>> /root/paralaus-project/.venv/bin/python scripts/export_training_data.py --mongo-uri 'mongodb://ghostchat_root:Pi3AlFa1970@diarss.online:27017/poker?authSource=admin' --db poker --collection ai_training_logs --mode qa --query '{}' --limit 50000 --sort-field createdAt --sort-direction -1 --output data/raw/chat_qa.jsonl --user-field question --assistant-field answer --context-field context


>>> /root/paralaus-project/.venv/bin/python scripts/prepare_finetune_dataset.py --input data/raw/chat_qa.jsonl --output-dir data/finetune --train-ratio 0.9 --val-ratio 0.05 --seed 42


Training skipped by --skip-train.
[2026-07-28T02:00:03Z] finetune cron run finished
[2026-07-29T02:00:01Z] finetune cron run started
{
  "collection": "ai_training_logs",
  "mode": "qa",
  "total_read": 8712,
  "written": 8712,
  "skipped": 0,
  "output": "data/raw/chat_qa.jsonl"
}
{
  "input": "data/raw/chat_qa.jsonl",
  "total_rows": 8712,
  "accepted_rows": 8571,
  "skipped_rows": 141,
  "train_rows": 7713,
  "val_rows": 428,
  "test_rows": 430,
  "seed": 42
}

>>> /root/paralaus-project/.venv/bin/python scripts/export_training_data.py --mongo-uri 'mongodb://ghostchat_root:Pi3AlFa1970@diarss.online:27017/poker?authSource=admin' --db poker --collection ai_training_logs --mode qa --query '{}' --limit 50000 --sort-field createdAt --sort-direction -1 --output data/raw/chat_qa.jsonl --user-field question --assistant-field answer --context-field context


>>> /root/paralaus-project/.venv/bin/python scripts/prepare_finetune_dataset.py --input data/raw/chat_qa.jsonl --output-dir data/finetune --train-ratio 0.9 --val-ratio 0.05 --seed 42


Training skipped by --skip-train.
[2026-07-29T02:00:03Z] finetune cron run finished
[2026-07-30T02:00:01Z] finetune cron run started
{
  "collection": "ai_training_logs",
  "mode": "qa",
  "total_read": 8775,
  "written": 8775,
  "skipped": 0,
  "output": "data/raw/chat_qa.jsonl"
}
{
  "input": "data/raw/chat_qa.jsonl",
  "total_rows": 8775,
  "accepted_rows": 8634,
  "skipped_rows": 141,
  "train_rows": 7770,
  "val_rows": 431,
  "test_rows": 433,
  "seed": 42
}

>>> /root/paralaus-project/.venv/bin/python scripts/export_training_data.py --mongo-uri 'mongodb://ghostchat_root:Pi3AlFa1970@diarss.online:27017/poker?authSource=admin' --db poker --collection ai_training_logs --mode qa --query '{}' --limit 50000 --sort-field createdAt --sort-direction -1 --output data/raw/chat_qa.jsonl --user-field question --assistant-field answer --context-field context


>>> /root/paralaus-project/.venv/bin/python scripts/prepare_finetune_dataset.py --input data/raw/chat_qa.jsonl --output-dir data/finetune --train-ratio 0.9 --val-ratio 0.05 --seed 42


Training skipped by --skip-train.
[2026-07-30T02:00:04Z] finetune cron run finished
[2026-07-31T02:00:01Z] finetune cron run started
{
  "collection": "ai_training_logs",
  "mode": "qa",
  "total_read": 8854,
  "written": 8854,
  "skipped": 0,
  "output": "data/raw/chat_qa.jsonl"
}
{
  "input": "data/raw/chat_qa.jsonl",
  "total_rows": 8854,
  "accepted_rows": 8713,
  "skipped_rows": 141,
  "train_rows": 7841,
  "val_rows": 435,
  "test_rows": 437,
  "seed": 42
}

>>> /root/paralaus-project/.venv/bin/python scripts/export_training_data.py --mongo-uri 'mongodb://ghostchat_root:Pi3AlFa1970@diarss.online:27017/poker?authSource=admin' --db poker --collection ai_training_logs --mode qa --query '{}' --limit 50000 --sort-field createdAt --sort-direction -1 --output data/raw/chat_qa.jsonl --user-field question --assistant-field answer --context-field context


>>> /root/paralaus-project/.venv/bin/python scripts/prepare_finetune_dataset.py --input data/raw/chat_qa.jsonl --output-dir data/finetune --train-ratio 0.9 --val-ratio 0.05 --seed 42


Training skipped by --skip-train.
[2026-07-31T02:00:04Z] finetune cron run finished
[2026-08-01T02:00:01Z] finetune cron run started
{
  "collection": "ai_training_logs",
  "mode": "qa",
  "total_read": 8916,
  "written": 8916,
  "skipped": 0,
  "output": "data/raw/chat_qa.jsonl"
}
{
  "input": "data/raw/chat_qa.jsonl",
  "total_rows": 8916,
  "accepted_rows": 8775,
  "skipped_rows": 141,
  "train_rows": 7897,
  "val_rows": 438,
  "test_rows": 440,
  "seed": 42
}

>>> /root/paralaus-project/.venv/bin/python scripts/export_training_data.py --mongo-uri 'mongodb://ghostchat_root:Pi3AlFa1970@diarss.online:27017/poker?authSource=admin' --db poker --collection ai_training_logs --mode qa --query '{}' --limit 50000 --sort-field createdAt --sort-direction -1 --output data/raw/chat_qa.jsonl --user-field question --assistant-field answer --context-field context


>>> /root/paralaus-project/.venv/bin/python scripts/prepare_finetune_dataset.py --input data/raw/chat_qa.jsonl --output-dir data/finetune --train-ratio 0.9 --val-ratio 0.05 --seed 42


Training skipped by --skip-train.
[2026-08-01T02:00:03Z] finetune cron run finished
[2026-08-02T02:00:01Z] finetune cron run started
{
  "collection": "ai_training_logs",
  "mode": "qa",
  "total_read": 8967,
  "written": 8967,
  "skipped": 0,
  "output": "data/raw/chat_qa.jsonl"
}
{
  "input": "data/raw/chat_qa.jsonl",
  "total_rows": 8967,
  "accepted_rows": 8825,
  "skipped_rows": 142,
  "train_rows": 7942,
  "val_rows": 441,
  "test_rows": 442,
  "seed": 42
}

>>> /root/paralaus-project/.venv/bin/python scripts/export_training_data.py --mongo-uri 'mongodb://ghostchat_root:Pi3AlFa1970@diarss.online:27017/poker?authSource=admin' --db poker --collection ai_training_logs --mode qa --query '{}' --limit 50000 --sort-field createdAt --sort-direction -1 --output data/raw/chat_qa.jsonl --user-field question --assistant-field answer --context-field context


>>> /root/paralaus-project/.venv/bin/python scripts/prepare_finetune_dataset.py --input data/raw/chat_qa.jsonl --output-dir data/finetune --train-ratio 0.9 --val-ratio 0.05 --seed 42


Training skipped by --skip-train.
[2026-08-02T02:00:03Z] finetune cron run finished
